// Jest Snapshot v1, https://goo.gl/fbAQLP

exports[`A <Search /> renders mock correctly 1`] = `
<div>
  <SearchBar
    getQuerySuggestions={[Function]}
    onSubmit={[Function]}
    suggestionsEnabled={false}
  />
</div>
`;
